On branch main
Your branch is ahead of 'origin/main' by 3 commits.
  (use "git push" to publish your local commits)

Untracked files:
  (use "git add <file>..." to include in what will be committed)
	test_output.txt

nothing added to commit but untracked files present (use "git add" to track)
